  Determining projects to restore...
D:\ERP_SHOWROOM\src\ErpShowroom.Client\ErpShowroom.Client.csproj : warning NU1510: PackageReference System.Net.Http.Json will not be pruned. Consider removing this package from your dependencies, as it is likely unnecessary.
  All projects are up-to-date for restore.
C:\Program Files\dotnet\sdk\10.0.100\Sdks\Microsoft.NET.Sdk\targets\Microsoft.NET.ConflictResolution.targets(15,3): error MSB4024: The imported project file "C:\Program Files\dotnet\sdk\10.0.100\Sdks\Microsoft.NET.Sdk\targets\Microsoft.NET.DefaultPackageConflictOverrides.targets" could not be loaded. 'http' is an unexpected token. The expected token is '"' or '''. Line 1, position 16. [D:\ERP_SHOWROOM\src\ErpShowroom.Client\ErpShowroom.Client.csproj]

Build FAILED.

D:\ERP_SHOWROOM\src\ErpShowroom.Client\ErpShowroom.Client.csproj : warning NU1510: PackageReference System.Net.Http.Json will not be pruned. Consider removing this package from your dependencies, as it is likely unnecessary.
C:\Program Files\dotnet\sdk\10.0.100\Sdks\Microsoft.NET.Sdk\targets\Microsoft.NET.ConflictResolution.targets(15,3): error MSB4024: The imported project file "C:\Program Files\dotnet\sdk\10.0.100\Sdks\Microsoft.NET.Sdk\targets\Microsoft.NET.DefaultPackageConflictOverrides.targets" could not be loaded. 'http' is an unexpected token. The expected token is '"' or '''. Line 1, position 16. [D:\ERP_SHOWROOM\src\ErpShowroom.Client\ErpShowroom.Client.csproj]
    1 Warning(s)
    1 Error(s)

Time Elapsed 00:00:00.90
